// Jest Snapshot v1, https://goo.gl/fbAQLP

exports[`It renders without error 1`] = `
<footer
  className="Footer sc-ifAKCX gFPhJs"
>
  <div
    className="sc-bxivhb bIAnAi"
  >
    <section
      className="sc-bwzfXH irrVft"
      fluid={true}
    >
      <div
        className="sc-htpNat eWAgNU"
      >
        <h1
          className="FooterText"
        >
          Â© Nick Prodromou 2018
        </h1>
      </div>
    </section>
  </div>
</footer>
`;
