// Jest Snapshot v1, https://goo.gl/fbAQLP

exports[`Header Component It renders without error 1`] = `
<header
  className="Header sc-ifAKCX ivpimK"
>
  <div
    className="sc-bxivhb bIAnAi"
  >
    <section
      className="sc-bwzfXH irrVft"
    >
      <div
        className="sc-htpNat bKOCBb"
      >
        <h1
          className="HeaderTitle"
        >
          Compare a pok√©mon
        </h1>
      </div>
    </section>
  </div>
</header>
`;
