// Jest Snapshot v1, https://goo.gl/fbAQLP

exports[`PokemonTypeTag component renders 1`] = `
<span
  className="sc-bdVaJa ctURPB"
  type="Fire"
>
  Fire
</span>
`;
