// Jest Snapshot v1, https://goo.gl/fbAQLP

exports[`It renders without error 1`] = `
<div
  className="App sc-ifAKCX hgVviL"
>
  <header
    className="App-header"
  >
    <h1
      className="App-title"
    >
      Welcome to React
    </h1>
  </header>
  <div
    className="sc-EHOje fAsZBD sc-bxivhb jcNPuI"
  >
    <p
      className="App-intro"
    >
      To get started, edit 
      <code>
        src/App.js
      </code>
       and save to reload.
    </p>
  </div>
  <footer>
    this is the footer
  </footer>
</div>
`;
